******************************************************************************
                  TI ARM Linker PC v20.2.5                     
******************************************************************************
>> Linked Tue Jun 15 19:24:01 2021

OUTPUT FILE NAME:   <Project_Pijn.out>
ENTRY POINT SYMBOL: "_c_int00"  address: 2001143d


MEMORY CONFIGURATION

         name            origin    length      used     unused   attr    fill
----------------------  --------  ---------  --------  --------  ----  --------
  SRAM0                 20000000   00004000  0000070c  000038f4  RW X
  SRAM                  20004000   0003c000  00012812  000297ee  RW X
  LOG_DATA              90000000   00040000  00000000  00040000  R   


SEGMENT ALLOCATION MAP

run origin  load origin   length   init length attrs members
----------  ----------- ---------- ----------- ----- -------
20000000    20000000    0000030c   00000000    rw-
  20000000    20000000    0000030c   00000000    rw- .vecs
20003c00    20003c00    00000400   00000000    rw-
  20003c00    20003c00    00000400   00000000    rw- .stack
20004000    20004000    00008310   0000030c    r--
  20004000    20004000    0000030c   0000030c    r-- .resetVecs
  20004310    20004310    00008000   00000000    r-- .priheap
2000c310    2000c310    00006bea   00006bea    r-x
  2000c310    2000c310    00006bea   00006bea    r-x .text
20012f00    20012f00    00002863   00000000    rw-
  20012f00    20012f00    00002863   00000000    rw- .bss
20015764    20015764    00000759   00000759    r--
  20015764    20015764    00000759   00000759    r-- .const
20015ec0    20015ec0    00000700   00000000    rw-
  20015ec0    20015ec0    00000700   00000000    rw- .data
200165c0    200165c0    00000260   00000260    r--
  200165c0    200165c0    00000260   00000260    r-- .cinit


SECTION ALLOCATION MAP

 output                                  attributes/
section   page    origin      length       input sections
--------  ----  ----------  ----------   ----------------
.resetVecs 
*          0    20004000    0000030c     
                  20004000    0000030c     release_pem4.oem4 (.resetVecs)

.text      0    2000c310    00006bea     
                  2000c310    00000474     empty.obj (.text:mainThread)
                  2000c784    0000042c     driverlib.a : prcm.obj (.text:PRCMCC3200MCUInit)
                  2000cbb0    00000288     drivers_cc32xx.a : UARTCC32XX.oem4 (.text:UARTCC32XX_open)
                  2000ce38    000001e4                      : GPIOCC32XX.oem4 (.text:GPIO_setConfig)
                  2000d01c    0000015c     dpl_cc32xx.a : PowerCC32XX_tirtos.oem4 (.text:PowerCC32XX_sleepPolicy)
                  2000d178    00000158     empty.obj (.text:MAXM86146_bootloader_flash_bytes)
                  2000d2d0    00000148     drivers_cc32xx.a : I2CCC32XX.oem4 (.text:I2CCC32XX_hwiFxn)
                  2000d418    00000148                      : PowerCC32XX.oem4 (.text:parkPins)
                  2000d560    00000138                      : PowerCC32XX.oem4 (.text:Power_sleep)
                  2000d698    00000130     empty.obj (.text:MAXM86146_enter_bootloader)
                  2000d7c8    00000130     sysbios.aem4 : BIOS.obj (.text:ti_sysbios_knl_Semaphore_pend__E)
                  2000d8f8    00000122     drivers_cc32xx.a : I2C.oem4 (.text:I2C_transferTimeout)
                  2000da1a    00000002     ti_drivers_config.obj (.text:Board_initHook)
                  2000da1c    00000120     drivers_cc32xx.a : UARTCC32XX.oem4 (.text:UARTCC32XX_close)
                  2000db3c    00000004     dpl_cc32xx.a : ClockP_tirtos.oem4 (.text:ClockP_getCpuFreq)
                  2000db40    00000120     sysbios.aem4 : BIOS.obj (.text:xdc_runtime_Startup_startMods__I)
                  2000dc60    00000114     empty.obj (.text:MAXM86146_bootloader_number_of_pages)
                  2000dd74    00000004     dpl_cc32xx.a : ClockP_tirtos.oem4 (.text:ClockP_setTimeout)
                  2000dd78    00000110     sysbios.aem4 : BIOS.obj (.text:ti_sysbios_knl_Task_postInit__I)
                  2000de88    00000104                  : BIOS.obj (.text:ti_sysbios_knl_Task_Instance_finalize__E)
                  2000df8c    000000fc     drivers_cc32xx.a : I2CCC32XX.oem4 (.text:I2C_open)
                  2000e088    000000f2                      : UARTCC32XX.oem4 (.text:UARTCC32XX_control)
                  2000e17a    00000006                      : I2CCC32XX.oem4 (.text:I2CSupport_powerRelConstraint)
                  2000e180    000000f0     sysbios.aem4 : BIOS.obj (.text:pthread_create)
                  2000e270    000000ec     empty.obj (.text:MAXM86146_bootloader_erase)
                  2000e35c    00000004     dpl_cc32xx.a : ClockP_tirtos.oem4 (.text:ClockP_start)
                  2000e360    000000e8     sysbios.aem4 : BIOS.obj (.text:ti_sysbios_knl_Task_Instance_init__E)
                  2000e448    000000d4     empty.obj (.text:MAXM86146_read_mode)
                  2000e51c    00000004     dpl_cc32xx.a : ClockP_tirtos.oem4 (.text:ClockP_stop)
                  2000e520    000000d4     sysbios.aem4 : BIOS.obj (.text:ti_sysbios_heaps_HeapMem_alloc__E)
                  2000e5f4    000000cc     empty.obj (.text:initialize_C3220S)
                  2000e6c0    000000cc     sysbios.aem4 : m3_Hwi_asm.obj (.text:ti_sysbios_family_arm_m3_Hwi_dispatch__I)
                  2000e78c    000000ca     drivers_cc32xx.a : UARTCC32XX.oem4 (.text:UARTCC32XX_write)
                  2000e856    00000002                      : I2C.oem4 (.text:I2C_init)
                  2000e858    000000c4                      : GPIOCC32XX.oem4 (.text:GPIO_init)
                  2000e91c    00000004     dpl_cc32xx.a : HwiP_tirtos.oem4 (.text:HwiP_clearInterrupt)
                  2000e920    000000c4     sysbios.aem4 : BIOS.obj (.text:ti_sysbios_knl_Task_sleep__E)
                  2000e9e4    000000c0     drivers_cc32xx.a : PowerCC32XX.oem4 (.text:restoreParkedPins)
                  2000eaa4    00000004     dpl_cc32xx.a : HwiP_tirtos.oem4 (.text:HwiP_disable)
                  2000eaa8    000000bc     sysbios.aem4 : BIOS.obj (.text:xdc_runtime_Core_createObject__I)
                  2000eb64    000000ba     drivers_cc32xx.a : UARTCC32XX.oem4 (.text:UARTCC32XX_readPolling)
                  2000ec1e    00000002                      : UARTCC32XX.oem4 (.text:UARTCC32XX_init)
                  2000ec20    000000b8                      : UARTCC32XX.oem4 (.text:initHw)
                  2000ecd8    000000b8     sysbios.aem4 : BIOS.obj (.text:ti_sysbios_family_arm_m3_Hwi_Instance_init__E)
                  2000ed90    000000b6     drivers_cc32xx.a : UARTCC32XX.oem4 (.text:readTaskCallback)
                  2000ee46    000000b2                      : I2CCC32XX.oem4 (.text:I2CCC32XX_completeTransfer)
                  2000eef8    000000b0                      : UARTCC32XX.oem4 (.text:readTaskBlocking)
                  2000efa8    000000ae                      : UARTCC32XX.oem4 (.text:readIsrTextBlocking)
                  2000f056    000000a8                      : I2CCC32XX.oem4 (.text:I2CCC32XX_primeWriteBurst)
                  2000f0fe    00000002     rtsv7M4_T_le_eabi.lib : _lock.c.obj (.text:_nop)
                  2000f100    000000a8     drivers_cc32xx.a : PowerCC32XX.oem4 (.text:PowerCC32XX_configureWakeup)
                  2000f1a8    000000a4     sysbios.aem4 : BIOS.obj (.text:ti_sysbios_knl_Task_setPri__E)
                  2000f24c    000000a2     drivers_cc32xx.a : UARTCC32XX.oem4 (.text:readIsrTextCallback)
                  2000f2ee    000000a2                      : UARTCC32XX.oem4 (.text:writeData)
                  2000f390    000000a0     auto_init.aem4 : auto_init.oem4 (.text)
                  2000f430    0000009c     drivers_cc32xx.a : I2CCC32XX.oem4 (.text:I2CCC32XX_initHw)
                  2000f4cc    00000004     dpl_cc32xx.a : HwiP_tirtos.oem4 (.text:HwiP_disableInterrupt)
                  2000f4d0    0000009c     sysbios.aem4 : BIOS.obj (.text:_pthread_removeThreadKeys)
                  2000f56c    0000009c     rtsv7M4_T_le_eabi.lib : memcpy_t2.asm.obj (.text)
                  2000f608    00000098     drivers_cc32xx.a : GPIOCC32XX.oem4 (.text:powerNotifyFxn)
                  2000f6a0    00000096     rtsv7M4_T_le_eabi.lib : ull_div_t2.asm.obj (.text)
                  2000f736    00000002                           : div0.asm.obj (.text)
                  2000f738    00000094     sysbios.aem4 : BIOS.obj (.text:ti_sysbios_knl_Task_exit__E)
                  2000f7cc    00000090     drivers_cc32xx.a : PowerCC32XX.oem4 (.text:restoreNVICRegs)
                  2000f85c    00000004     dpl_cc32xx.a : HwiP_tirtos.oem4 (.text:HwiP_enableInterrupt)
                  2000f860    00000090     sysbios.aem4 : BIOS.obj (.text:ti_sysbios_knl_Task_Module_startup__E)
                  2000f8f0    0000008c                  : BIOS.obj (.text:xdc_runtime_Memory_alloc__E)
                  2000f97c    00000088     empty.obj (.text:MAXM86146_connect_to_pc)
                  2000fa04    00000088     driverlib.a : pin.obj (.text:PinConfigSet)
                  2000fa8c    00000004     dpl_cc32xx.a : SemaphoreP_tirtos.oem4 (.text:SemaphoreP_post)
                  2000fa90    00000088     sysbios.aem4 : BIOS.obj (.text:ti_sysbios_family_arm_m3_Hwi_initNVIC__E)
                  2000fb18    00000086                  : BIOS.obj (.text:xdc_runtime_Core_constructObject__I)
                  2000fb9e    00000002     release_pem4.oem4 (.text:ti_sysbios_BIOS_nullFunc__I)
                  2000fba0    00000084     empty.obj (.text:GET_MSBL_DATA)
                  2000fc24    00000084     drivers_cc32xx.a : PowerCC32XX.oem4 (.text:Power_init)
                  2000fca8    00000084                      : PowerCC32XX.oem4 (.text:saveNVICRegs)
                  2000fd2c    00000004     release_pem4.oem4 (.text:ti_sysbios_BIOS_RtsGateProxy_enter__E)
                  2000fd30    00000084     sysbios.aem4 : BIOS.obj (.text:ti_sysbios_family_arm_m3_Hwi_postInit__I)
                  2000fdb4    00000004     release_pem4.oem4 (.text:ti_sysbios_BIOS_RtsGateProxy_leave__E)
                  2000fdb8    00000084     sysbios.aem4 : BIOS.obj (.text:ti_sysbios_heaps_HeapMem_free__E)
                  2000fe3c    00000080     drivers_cc32xx.a : PowerCC32XX.oem4 (.text:Power_setDependency)
                  2000febc    00000004     release_pem4.oem4 (.text:ti_sysbios_family_arm_m3_Hwi_delete)
                  2000fec0    00000080     sysbios.aem4 : BIOS.obj (.text:ti_sysbios_knl_Clock_workFunc__E)
                  2000ff40    0000007c     drivers_cc32xx.a : UARTCC32XX.oem4 (.text:readIsrBinaryBlocking)
                  2000ffbc    0000007a                      : I2CCC32XX.oem4 (.text:I2CCC32XX_primeReadBurst)
                  20010036    0000007a     rtsv7M4_T_le_eabi.lib : memset_t2.asm.obj (.text)
                  200100b0    00000078     drivers_cc32xx.a : GPIOCC32XX.oem4 (.text:GPIO_hwiIntFxn)
                  20010128    00000078                      : UARTCC32XX.oem4 (.text:readIsrBinaryCallback)
                  200101a0    00000074                      : UARTCC32XX.oem4 (.text:UARTCC32XX_hwiIntFxn)
                  20010214    00000004     release_pem4.oem4 (.text:ti_sysbios_family_arm_m3_TaskSupport_Module__startupDone__S)
                  20010218    00000074     sysbios.aem4 : BIOS.obj (.text:xdc_runtime_Core_deleteObject__I)
                  2001028c    00000072     empty.obj (.text:MAXM86146_enter_application)
                  200102fe    00000002     release_pem4.oem4 (.text:xdc_runtime_Startup_reset__I)
                  20010300    00000070     sysbios.aem4 : BIOS.obj (.text:ti_sysbios_heaps_HeapMem_initPrimary__I)
                  20010370    0000006c                  : BIOS.obj (.text:ti_sysbios_knl_Swi_restoreHwi__E)
                  200103dc    0000006a     drivers_cc32xx.a : I2CCC32XX.oem4 (.text:I2CSupport_primeTransfer)
                  20010446    00000068     rtsv7M4_T_le_eabi.lib : copy_decompress_lzss.c.obj (.text:decompress:lzss:__TI_decompress_lzss)
                  200104ae    00000002     --HOLE-- [fill = 0]
                  200104b0    00000068     sysbios.aem4 : BIOS.obj (.text:pthread_exit)
                  20010518    00000066     drivers_cc32xx.a : UARTCC32XX.oem4 (.text:UARTCC32XX_writeCancel)
                  2001057e    00000002     --HOLE-- [fill = 0]
                  20010580    00000064                      : PowerCC32XX.oem4 (.text:PowerCC32XX_setParkState)
                  200105e4    00000064     main_tirtos.obj (.text:main)
                  20010648    00000064     sysbios.aem4 : BIOS.obj (.text:ti_sysbios_family_arm_m3_Hwi_dispatchC__I)
                  200106ac    00000062     drivers_cc32xx.a : UARTCC32XX.oem4 (.text:UARTCC32XX_writePolling)
                  2001070e    00000002     --HOLE-- [fill = 0]
                  20010710    00000060     driverlib.a : prcm.obj (.text:PRCMSysResetCauseGet)
                  20010770    00000060     sysbios.aem4 : BIOS.obj (.text:ti_sysbios_knl_Semaphore_post__E)
                  200107d0    00000060                  : BIOS.obj (.text:ti_sysbios_knl_Swi_run__I)
                  20010830    0000005c     drivers_cc32xx.a : GPIOCC32XX.oem4 (.text:GPIO_setCallback)
                  2001088c    00000004     release_pem4.oem4 (.text:ti_sysbios_heaps_HeapMem_Module_GateProxy_enter__E)
                  20010890    0000005c     sysbios.aem4 : BIOS.obj (.text:ti_sysbios_family_arm_m3_Timer_start__E)
                  200108ec    00000004     release_pem4.oem4 (.text:ti_sysbios_heaps_HeapMem_Module_GateProxy_leave__E)
                  200108f0    0000005c     sysbios.aem4 : BIOS.obj (.text:ti_sysbios_knl_Swi_schedule__I)
                  2001094c    00000004     release_pem4.oem4 (.text:ti_sysbios_knl_Clock_TimerProxy_getMaxTicks__E)
                  20010950    0000005c     sysbios.aem4 : BIOS.obj (.text:ti_sysbios_knl_Task_startCore__E)
                  200109ac    00000004     release_pem4.oem4 (.text:ti_sysbios_knl_Clock_TimerProxy_setPeriodMicroSecs__E)
                  200109b0    0000005c     sysbios.aem4 : BIOS.obj (.text:xdc_runtime_Startup_exec__E)
                  20010a0c    00000058     drivers_cc32xx.a : GPIOCC32XX.oem4 (.text:GPIO_write)
                  20010a64    00000058     driverlib.a : prcm.obj (.text:PRCMPeripheralReset)
                  20010abc    00000058     drivers_cc32xx.a : PowerCC32XX.oem4 (.text:Power_releaseDependency)
                  20010b14    00000054                      : UARTCC32XX.oem4 (.text:ringBufGet)
                  20010b68    00000054     release_pem4.oem4 (.text:ti_sysbios_family_arm_m3_Hwi_create)
                  20010bbc    00000052     drivers_cc32xx.a : PowerCC32XX_asm.oem4 (.text:PowerCC32XX_resumeLPDS)
                  20010c0e    00000002     --HOLE-- [fill = 0]
                  20010c10    00000050     sysbios.aem4 : BIOS.obj (.text:ti_sysbios_family_arm_m3_Hwi_Module_startup__E)
                  20010c60    00000050     release_pem4.oem4 (.text:ti_sysbios_family_arm_m3_Hwi_construct)
                  20010cb0    00000050     sysbios.aem4 : BIOS.obj (.text:ti_sysbios_family_arm_m3_Timer_setPeriod__E)
                  20010d00    00000050     release_pem4.oem4 (.text:ti_sysbios_knl_Task_create)
                  20010d50    0000004c     drivers_cc32xx.a : GPIOCC32XX.oem4 (.text:GPIO_enableInt)
                  20010d9c    0000004c                      : I2CCC32XX.oem4 (.text:I2CCC32XX_readRecieveFifo)
                  20010de8    0000004c                      : PowerCC32XX.oem4 (.text:PowerCC32XX_parkPin)
                  20010e34    0000004c     rtsv7M4_T_le_eabi.lib : cpy_tbl.c.obj (.text:copy_in)
                  20010e80    0000004c     drivers_cc32xx.a : PowerCC32XX.oem4 (.text:restorePeriphClocks)
                  20010ecc    0000004c     sysbios.aem4 : m3_TaskSupport_asm.obj (.text:ti_sysbios_family_arm_m3_TaskSupport_buildTaskStack)
                  20010f18    0000004c                  : BIOS.obj (.text:ti_sysbios_heaps_HeapMem_getStats__E)
                  20010f64    00000004     release_pem4.oem4 (.text:ti_sysbios_knl_Clock_TimerProxy_start__E)
                  20010f68    0000004c     sysbios.aem4 : BIOS.obj (.text:ti_sysbios_knl_Swi_runLoop__I)
                  20010fb4    00000004     release_pem4.oem4 (.text:ti_sysbios_knl_Clock_TimerProxy_stop__E)
                  20010fb8    0000004c     sysbios.aem4 : BIOS.obj (.text:ti_sysbios_knl_Task_allBlockedFunction__I)
                  20011004    00000004     release_pem4.oem4 (.text:ti_sysbios_knl_Clock_delete)
                  20011008    0000004c     sysbios.aem4 : BIOS.obj (.text:ti_sysbios_knl_Task_schedule__I)
                  20011054    00000048     driverlib.a : flash.obj (.text:FlashDisable)
                  2001109c    00000048                 : prcm.obj (.text:PRCMLPDSEnter)
                  200110e4    00000048                 : prcm.obj (.text:PRCMPeripheralClkEnable)
                  2001112c    00000048     drivers_cc32xx.a : PowerCC32XX.oem4 (.text:Power_releaseConstraint)
                  20011174    00000004     release_pem4.oem4 (.text:ti_sysbios_knl_Semaphore_delete)
                  20011178    00000048     sysbios.aem4 : BIOS.obj (.text:ti_sysbios_family_arm_m3_Hwi_disableInterrupt__E)
                  200111c0    00000048                  : BIOS.obj (.text:ti_sysbios_family_arm_m3_Hwi_enableInterrupt__E)
                  20011208    00000048                  : m3_Hwi_asm_switch.obj (.text:ti_sysbios_family_arm_m3_Hwi_initStacks__E)
                  20011250    00000048                  : BIOS.obj (.text:ti_sysbios_family_arm_m3_Timer_initDevice__I)
                  20011298    00000048                  : BIOS.obj (.text:ti_sysbios_knl_Mailbox_Module_startup__E)
                  200112e0    00000048                  : BIOS.obj (.text:xdc_runtime_Core_assignParams__I)
                  20011328    00000046     drivers_cc32xx.a : RingBuf.oem4 (.text:RingBuf_put)
                  2001136e    00000002     --HOLE-- [fill = 0]
                  20011370    00000044     driverlib.a : prcm.obj (.text:PRCMLPDSRestoreInfoSet)
                  200113b4    00000044     drivers_cc32xx.a : PowerCC32XX_asm.oem4 (.text:PowerCC32XX_enterLPDS)
                  200113f8    00000044                      : UART.oem4 (.text:UART_init)
                  2001143c    00000044     boot.aem4 : boot.oem4 (.text)
                  20011480    00000044     sysbios.aem4 : BIOS.obj (.text:ti_sysbios_family_arm_m3_Hwi_getStackInfo__E)
                  200114c4    00000004     release_pem4.oem4 (.text:ti_sysbios_knl_Task_delete)
                  200114c8    00000044     sysbios.aem4 : BIOS.obj (.text:ti_sysbios_knl_Mailbox_postInit__I)
                  2001150c    00000004     release_pem4.oem4 (.text:xdc_runtime_System_Module_GateProxy_enter__E)
                  20011510    00000044     sysbios.aem4 : BIOS.obj (.text:ti_sysbios_knl_Swi_post__E)
                  20011554    00000004     release_pem4.oem4 (.text:xdc_runtime_System_Module_GateProxy_leave__E)
                  20011558    00000044     sysbios.aem4 : BIOS.obj (.text:xdc_runtime_System_atexit__E)
                  2001159c    00000040     dpl_cc32xx.a : ClockP_tirtos.oem4 (.text:ClockP_create)
                  200115dc    00000040                  : HwiP_tirtos.oem4 (.text:HwiP_create)
                  2001161c    00000040     driverlib.a : pin.obj (.text:PinModeSet)
                  2001165c    00000040     drivers_cc32xx.a : RingBuf.oem4 (.text:RingBuf_get)
                  2001169c    00000040                      : UARTCC32XX.oem4 (.text:UARTCC32XX_read)
                  200116dc    00000040                      : UART.oem4 (.text:UART_open)
                  2001171c    00000004     --HOLE-- [fill = 0]
                  20011720    00000040     sysbios.aem4 : BIOS.obj (.text:ti_sysbios_heaps_HeapMem_Instance_init__E)
                  20011760    00000040                  : BIOS.obj (.text:ti_sysbios_knl_Clock_Instance_init__E)
                  200117a0    0000003e     dpl_cc32xx.a : HwiP_tirtos.oem4 (.text:HwiP_construct)
                  200117de    00000002     --HOLE-- [fill = 0]
                  200117e0    0000003c     drivers_cc32xx.a : PowerCC32XX.oem4 (.text:Power_setConstraint)
                  2001181c    0000003c     dpl_cc32xx.a : SemaphoreP_tirtos.oem4 (.text:SemaphoreP_create)
                  20011858    0000003c     sysbios.aem4 : BIOS.obj (.text:sleep)
                  20011894    00000004     --HOLE-- [fill = 0]
                  20011898    0000003c                  : BIOS.obj (.text:ti_sysbios_family_arm_m3_Hwi_Instance_finalize__E)
                  200118d4    00000004     --HOLE-- [fill = 0]
                  200118d8    0000003c                  : BIOS.obj (.text:ti_sysbios_family_arm_m3_Hwi_construct2__E)
                  20011914    00000004     --HOLE-- [fill = 0]
                  20011918    0000003c                  : BIOS.obj (.text:ti_sysbios_family_arm_m3_Timer_setPeriodMicroSecs__E)
                  20011954    0000003c     release_pem4.oem4 (.text:ti_sysbios_knl_Clock_create)
                  20011990    0000003c     sysbios.aem4 : BIOS.obj (.text:ti_sysbios_knl_Clock_walkQueuePeriodic__E)
                  200119cc    00000004     --HOLE-- [fill = 0]
                  200119d0    0000003c                  : BIOS.obj (.text:ti_sysbios_knl_Swi_restore__E)
                  20011a0c    00000004     --HOLE-- [fill = 0]
                  20011a10    0000003c                  : BIOS.obj (.text:usleep)
                  20011a4c    00000004     --HOLE-- [fill = 0]
                  20011a50    0000003c                  : BIOS.obj (.text:xdc_runtime_System_processAtExit__E)
                  20011a8c    0000003a     dpl_cc32xx.a : PowerCC32XX_tirtos.oem4 (.text:getCountsRTC)
                  20011ac6    00000002     --HOLE-- [fill = 0]
                  20011ac8    00000038     driverlib.a : prcm.obj (.text:PRCMLPDSEnterKeepDebugIf)
                  20011b00    00000038     drivers_cc32xx.a : PowerCC32XX.oem4 (.text:notify)
                  20011b38    00000038     sysbios.aem4 : BIOS.obj (.text:ti_sysbios_knl_Task_processVitalTaskFlag__I)
                  20011b70    00000036     drivers_cc32xx.a : UARTCC32XX.oem4 (.text:UARTCC32XX_readCancel)
                  20011ba6    00000002     --HOLE-- [fill = 0]
                  20011ba8    00000034     driverlib.a : pin.obj (.text:PinModeGet)
                  20011bdc    00000034     drivers_cc32xx.a : PowerCC32XX.oem4 (.text:PowerCC32XX_restoreParkState)
                  20011c10    00000034     sysbios.aem4 : BIOS.obj (.text:ti_sysbios_family_arm_m3_Timer_periodicStub__I)
                  20011c44    00000034     release_pem4.oem4 (.text:ti_sysbios_knl_Semaphore_create)
                  20011c78    00000032     sysbios.aem4 : BIOS.obj (.text:ti_sysbios_hal_Hwi_initStack)
                  20011caa    00000030     drivers_cc32xx.a : PowerCC32XX.oem4 (.text:PowerCC32XX_restoreParkedPin)
                  20011cda    00000002     --HOLE-- [fill = 0]
                  20011cdc    00000030     release_pem4.oem4 (.text:ti_sysbios_BIOS_atExitFunc__I)
                  20011d0c    00000030     release_pem4.oem4 (.text:ti_sysbios_BIOS_startFunc__I)
                  20011d3c    00000004     --HOLE-- [fill = 0]
                  20011d40    00000030     sysbios.aem4 : BIOS.obj (.text:ti_sysbios_family_arm_m3_TaskSupport_start__E)
                  20011d70    00000030     release_pem4.oem4 (.text:ti_sysbios_gates_GateHwi_Object__create__S)
                  20011da0    00000030     release_pem4.oem4 (.text:ti_sysbios_gates_GateMutex_Object__create__S)
                  20011dd0    00000030     sysbios.aem4 : BIOS.obj (.text:ti_sysbios_gates_GateMutex_enter__E)
                  20011e00    00000030     release_pem4.oem4 (.text:ti_sysbios_heaps_HeapMem_Object__create__S)
                  20011e30    00000030     release_pem4.oem4 (.text:ti_sysbios_knl_Semaphore_construct)
                  20011e60    00000030     sysbios.aem4 : BIOS.obj (.text:ti_sysbios_knl_Semaphore_pendTimeout__I)
                  20011e90    00000030                  : BIOS.obj (.text:ti_sysbios_knl_Task_restore__E)
                  20011ec0    00000030                  : BIOS.obj (.text:ti_sysbios_knl_Task_unblockI__E)
                  20011ef0    0000002c     drivers_cc32xx.a : PowerCC32XX.oem4 (.text:PowerCC32XX_getParkState)
                  20011f1c    0000002c     dpl_cc32xx.a : SemaphoreP_tirtos.oem4 (.text:SemaphoreP_constructBinary)
                  20011f48    0000002c                  : SemaphoreP_tirtos.oem4 (.text:SemaphoreP_createBinary)
                  20011f74    00000004     --HOLE-- [fill = 0]
                  20011f78    0000002c     sysbios.aem4 : BIOS.obj (.text:_pthread_cleanupFxn)
                  20011fa4    00000004     --HOLE-- [fill = 0]
                  20011fa8    0000002c                  : BIOS.obj (.text:_pthread_delete$43)
                  20011fd4    00000004     --HOLE-- [fill = 0]
                  20011fd8    0000002c                  : BIOS.obj (.text:ti_sysbios_family_arm_m3_TimestampProvider_Module_startup__E)
                  20012004    0000002c     release_pem4.oem4 (.text:ti_sysbios_gates_GateHwi_Handle__label__S)
                  20012030    0000002c     release_pem4.oem4 (.text:ti_sysbios_gates_GateMutex_Handle__label__S)
                  2001205c    0000002c     release_pem4.oem4 (.text:ti_sysbios_heaps_HeapMem_Handle__label__S)
                  20012088    0000002c     release_pem4.oem4 (.text:ti_sysbios_knl_Clock_doTick__I)
                  200120b4    0000002c     release_pem4.oem4 (.text:ti_sysbios_knl_Queue_construct)
                  200120e0    00000028     driverlib.a : i2c.obj (.text:I2CFIFODataPutNonBlocking)
                  20012108    00000028                 : prcm.obj (.text:PRCMPeripheralClkDisable)
                  20012130    00000028     dpl_cc32xx.a : PowerCC32XX_tirtos.oem4 (.text:PowerCC32XX_initPolicy)
                  20012158    00000028     drivers_cc32xx.a : PowerCC32XX.oem4 (.text:Power_registerNotify)
                  20012180    00000028     sysbios.aem4 : m3_Hwi_asm.obj (.text:ti_sysbios_family_arm_m3_Hwi_excHandlerAsm__I)
                  200121a8    00000028                  : BIOS.obj (.text:ti_sysbios_knl_Clock_addI__E)
                  200121d0    00000028                  : BIOS.obj (.text:ti_sysbios_knl_Swi_Module_startup__E)
                  200121f8    00000026     driverlib.a : i2c.obj (.text:I2CFIFODataGetNonBlocking)
                  2001221e    00000026     drivers_cc32xx.a : I2C.oem4 (.text:I2C_cancel)
                  20012244    00000026                      : List.oem4 (.text:List_put)
                  2001226a    00000026                      : List.oem4 (.text:List_remove)
                  20012290    00000024                      : PowerCC32XX.oem4 (.text:PowerCC32XX_reset)
                  200122b4    00000004     --HOLE-- [fill = 0]
                  200122b8    00000024     sysbios.aem4 : BIOS.obj (.text:pthread_attr_init)
                  200122dc    00000024     release_pem4.oem4 (.text:ti_sysbios_BIOS_registerRTSLock__I)
                  20012300    00000024     release_pem4.oem4 (.text:ti_sysbios_BIOS_removeRTSLock__I)
                  20012324    00000004     --HOLE-- [fill = 0]
                  20012328    00000024     sysbios.aem4 : BIOS.obj (.text:ti_sysbios_family_arm_m3_Timer_postInit__I)
                  2001234c    00000004     --HOLE-- [fill = 0]
                  20012350    00000024                  : BIOS.obj (.text:ti_sysbios_family_arm_m3_Timer_startup__E)
                  20012374    00000024     release_pem4.oem4 (.text:ti_sysbios_gates_GateMutex_Object__delete__S)
                  20012398    00000024     sysbios.aem4 : BIOS.obj (.text:ti_sysbios_knl_Clock_Module_startup__E)
                  200123bc    00000024     release_pem4.oem4 (.text:ti_sysbios_knl_Clock_Object__delete__S)
                  200123e0    00000024     sysbios.aem4 : BIOS.obj (.text:ti_sysbios_knl_Clock_start__E)
                  20012404    00000004     --HOLE-- [fill = 0]
                  20012408    00000024                  : BIOS.obj (.text:ti_sysbios_knl_Semaphore_Instance_init__E)
                  2001242c    00000024     release_pem4.oem4 (.text:ti_sysbios_knl_Semaphore_Object__delete__S)
                  20012450    00000024     sysbios.aem4 : BIOS.obj (.text:ti_sysbios_knl_Task_restoreHwi__E)
                  20012474    00000004     --HOLE-- [fill = 0]
                  20012478    00000024                  : BIOS.obj (.text:xdc_runtime_Error_policyMin__E)
                  2001249c    00000022     driverlib.a : i2c.obj (.text:I2CMasterSlaveAddrSet)
                  200124be    00000002     --HOLE-- [fill = 0]
                  200124c0    00000020     drivers_cc32xx.a : PowerCC32XX.oem4 (.text:Power_unregisterNotify)
                  200124e0    00000020                      : RingBuf.oem4 (.text:RingBuf_peek)
                  20012500    00000020                      : UARTCC32XX.oem4 (.text:getPowerMgrId)
                  20012520    00000020     release_pem4.oem4 (.text:ti_sysbios_BIOS_rtsLock__I)
                  20012540    00000020     release_pem4.oem4 (.text:ti_sysbios_family_arm_m3_Hwi_Object__delete__S)
                  20012560    00000020     sysbios.aem4 : BIOS.obj (.text:ti_sysbios_family_arm_m3_Hwi_clearInterrupt__E)
                  20012580    00000020     release_pem4.oem4 (.text:ti_sysbios_gates_GateHwi_Object__delete__S)
                  200125a0    00000020     release_pem4.oem4 (.text:ti_sysbios_heaps_HeapMem_Object__delete__S)
                  200125c0    00000020     sysbios.aem4 : BIOS.obj (.text:ti_sysbios_knl_Idle_run__E)
                  200125e0    00000020     release_pem4.oem4 (.text:ti_sysbios_knl_Semaphore_destruct)
                  20012600    00000020     release_pem4.oem4 (.text:ti_sysbios_knl_Task_Object__delete__S)
                  20012620    0000001e     driverlib.a : i2c.obj (.text:I2CMasterIntStatusEx)
                  2001263e    0000001e     sysbios.aem4 : m3_Hwi_asm_switch.obj (.text:ti_sysbios_family_xxx_Hwi_switchAndRunFunc)
                  2001265c    0000001c     driverlib.a : pin.obj (.text:PinToPadGet)
                  20012678    0000001c     sysbios.aem4 : BIOS.obj (.text:ti_sysbios_family_arm_m3_Hwi_excHandler__I)
                  20012694    00000004     --HOLE-- [fill = 0]
                  20012698    0000001c                  : BIOS.obj (.text:ti_sysbios_family_arm_m3_Timer_Module_startup__E)
                  200126b4    00000004     --HOLE-- [fill = 0]
                  200126b8    0000001c                  : BIOS.obj (.text:ti_sysbios_family_arm_m3_Timer_stop__E)
                  200126d4    00000004     --HOLE-- [fill = 0]
                  200126d8    0000001c                  : BIOS.obj (.text:ti_sysbios_gates_GateMutex_Instance_init__E)
                  200126f4    00000004     --HOLE-- [fill = 0]
                  200126f8    0000001c                  : BIOS.obj (.text:ti_sysbios_knl_Clock_Instance_finalize__E)
                  20012714    0000001c     release_pem4.oem4 (.text:ti_sysbios_knl_Queue_destruct)
                  20012730    0000001c     sysbios.aem4 : BIOS.obj (.text:ti_sysbios_knl_Queue_put__E)
                  2001274c    00000004     --HOLE-- [fill = 0]
                  20012750    0000001c                  : BIOS.obj (.text:ti_sysbios_knl_Task_enter__I)
                  2001276c    00000004     --HOLE-- [fill = 0]
                  20012770    0000001c                  : BIOS.obj (.text:ti_sysbios_rts_ti_ReentSupport_getReent__F)
                  2001278c    0000001a                  : m3_Hwi_asm.obj (.text:ti_sysbios_family_arm_m3_Hwi_pendSV__I)
                  200127a6    00000018     driverlib.a : i2c.obj (.text:I2CMasterBusBusy)
                  200127be    00000018                 : i2c.obj (.text:I2CMasterIntDisableEx)
                  200127d6    00000018                 : i2c.obj (.text:I2CMasterIntEnableEx)
                  200127ee    00000018                 : i2c.obj (.text:I2CRxFIFOFlush)
                  20012806    00000018                 : i2c.obj (.text:I2CTxFIFOFlush)
                  2001281e    00000002     --HOLE-- [fill = 0]
                  20012820    00000018     drivers_cc32xx.a : PowerCC32XX.oem4 (.text:Power_getTransitionLatency)
                  20012838    00000018                      : PowerCC32XX.oem4 (.text:Power_idleFunc)
                  20012850    00000018     driverlib.a : uart.obj (.text:UARTBusy)
                  20012868    00000018                 : uart.obj (.text:UARTIntEnable)
                  20012880    00000018     drivers_cc32xx.a : UART.oem4 (.text:UART_Params_init)
                  20012898    00000018     rtsv7M4_T_le_eabi.lib : args_main.c.obj (.text:_args_main)
                  200128b0    00000018                           : ll_mul_t2.asm.obj (.text)
                  200128c8    00000018     release_pem4.oem4 (.text:ti_sysbios_BIOS_rtsUnlock__I)
                  200128e0    00000018     release_pem4.oem4 (.text:ti_sysbios_family_arm_m3_Hwi_Module__startupDone__F)
                  200128f8    00000018     release_pem4.oem4 (.text:ti_sysbios_family_arm_m3_Timer_Module__startupDone__F)
                  20012910    00000018     sysbios.aem4 : BIOS.obj (.text:ti_sysbios_gates_GateMutex_leave__E)
                  20012928    00000018                  : BIOS.obj (.text:ti_sysbios_knl_Task_sleepTimeout__I)
                  20012940    00000018     release_pem4.oem4 (.text:ti_sysbios_rts_ti_ReentSupport_getTlsAddr__I)
                  20012958    00000018     sysbios.aem4 : BIOS.obj (.text:xdc_runtime_Error_init__E)
                  20012970    00000018                  : BIOS.obj (.text:xdc_runtime_System_exit__E)
                  20012988    00000016     driverlib.a : i2c.obj (.text:I2CMasterBurstLengthSet)
                  2001299e    00000016                 : prcm.obj (.text:PRCMHIBRegRead)
                  200129b4    00000016                 : prcm.obj (.text:PRCMHIBRegWrite)
                  200129ca    00000016     release_pem4.oem4 (.text:ti_sysbios_BIOS_exitFunc__I)
                  200129e0    00000014     drivers_cc32xx.a : I2CCC32XX.oem4 (.text:I2CSupport_masterFinish)
                  200129f4    00000014                      : I2C.oem4 (.text:I2C_transfer)
                  20012a08    00000014                      : PowerCC32XX.oem4 (.text:Power_getDependencyCount)
                  20012a1c    00000004     --HOLE-- [fill = 0]
                  20012a20    00000014     sysbios.aem4 : BIOS.obj (.text:pthread_attr_setschedparam)
                  20012a34    00000014     drivers_cc32xx.a : UARTCC32XX.oem4 (.text:releasePowerConstraint)
                  20012a48    00000014     release_pem4.oem4 (.text:ti_sysbios_family_arm_m3_Hwi_Object__get__S)
                  20012a5c    00000004     --HOLE-- [fill = 0]
                  20012a60    00000014     sysbios.aem4 : BIOS.obj (.text:ti_sysbios_family_arm_m3_Hwi_switchFromBootStack__E)
                  20012a74    00000014     release_pem4.oem4 (.text:ti_sysbios_heaps_HeapMem_Object__get__S)
                  20012a88    00000014     sysbios.aem4 : BIOS.obj (.text:ti_sysbios_knl_Clock_tickReconfig__E)
                  20012a9c    00000014     release_pem4.oem4 (.text:ti_sysbios_knl_Swi_Object__get__S)
                  20012ab0    00000012     driverlib.a : i2c.obj (.text:I2CMasterIntClearEx)
                  20012ac2    00000012     drivers_cc32xx.a : RingBuf.oem4 (.text:RingBuf_construct)
                  20012ad4    00000012     dpl_cc32xx.a : SemaphoreP_tirtos.oem4 (.text:SemaphoreP_pend)
                  20012ae6    00000002     --HOLE-- [fill = 0]
                  20012ae8    00000012     sysbios.aem4 : BIOS.obj (.text:_pthread_runStub$43)
                  20012afa    00000006     drivers_cc32xx.a : I2CCC32XX.oem4 (.text:I2CSupport_powerSetConstraint)
                  20012b00    00000012     sysbios.aem4 : BIOS.obj (.text:ti_sysbios_hal_Hwi_Module_startup__E)
                  20012b12    00000012     release_pem4.oem4 (.text:xdc_runtime_Startup_exec__I)
                  20012b24    00000010     ti_drivers_config.obj (.text:Board_init)
                  20012b34    00000010     dpl_cc32xx.a : HwiP_tirtos.oem4 (.text:HwiP_Params_init)
                  20012b44    00000010     driverlib.a : i2c.obj (.text:I2CFIFOStatus)
                  20012b54    00000010     drivers_cc32xx.a : I2C.oem4 (.text:I2C_Params_init)
                  20012b64    00000010                      : UARTCC32XX.oem4 (.text:readBlockingTimeout)
                  20012b74    00000004     --HOLE-- [fill = 0]
                  20012b78    00000010     sysbios.aem4 : BIOS.obj (.text:ti_sysbios_BIOS_getCpuFreq__E)
                  20012b88    00000010                  : BIOS.obj (.text:ti_sysbios_BIOS_setThreadType__E)
                  20012b98    00000010                  : BIOS.obj (.text:ti_sysbios_BIOS_start__E)
                  20012ba8    00000010                  : m3_TaskSupport_asm.obj (.text:ti_sysbios_family_arm_m3_TaskSupport_glue)
                  20012bb8    00000010                  : m3_TaskSupport_asm.obj (.text:ti_sysbios_family_arm_m3_TaskSupport_swap__E)
                  20012bc8    00000010                  : BIOS.obj (.text:ti_sysbios_gates_GateMutex_Instance_finalize__E)
                  20012bd8    00000010     release_pem4.oem4 (.text:ti_sysbios_knl_Mailbox_Object__get__S)
                  20012be8    00000010     sysbios.aem4 : BIOS.obj (.text:ti_sysbios_knl_Semaphore_Instance_finalize__E)
                  20012bf8    00000010                  : BIOS.obj (.text:ti_sysbios_knl_Swi_disable__E)
                  20012c08    00000010     release_pem4.oem4 (.text:ti_sysbios_knl_Task_Object__get__S)
                  20012c18    00000010     sysbios.aem4 : BIOS.obj (.text:ti_sysbios_knl_Task_disable__E)
                  20012c28    00000010                  : BIOS.obj (.text:xdc_runtime_Memory_free__E)
                  20012c38    00000010                  : BIOS.obj (.text:xdc_runtime_SysCallback_abort__E)
                  20012c48    00000010                  : BIOS.obj (.text:xdc_runtime_SysCallback_exit__E)
                  20012c58    0000000e     drivers_cc32xx.a : I2CCC32XX.oem4 (.text:I2CCC32XX_updateReg)
                  20012c66    0000000e                      : RingBuf.oem4 (.text:RingBuf_isFull)
                  20012c74    0000000e     rtsv7M4_T_le_eabi.lib : copy_decompress_none.c.obj (.text:decompress:none:__TI_decompress_none)
                  20012c82    00000006     driverlib.a : utils.obj (.text:UtilsDelay)
                  20012c88    0000000e     sysbios.aem4 : BIOS.obj (.text:pthread_attr_setdetachstate)
                  20012c96    00000002     --HOLE-- [fill = 0]
                  20012c98    0000000e                  : BIOS.obj (.text:ti_sysbios_knl_Idle_loop__E)
                  20012ca6    00000002     --HOLE-- [fill = 0]
                  20012ca8    0000000e                  : BIOS.obj (.text:ti_sysbios_knl_Queue_empty__E)
                  20012cb6    0000000c     dpl_cc32xx.a : ClockP_tirtos.oem4 (.text:ClockP_delete)
                  20012cc2    0000000c                  : HwiP_tirtos.oem4 (.text:HwiP_delete)
                  20012cce    0000000c     drivers_cc32xx.a : I2CCC32XX.oem4 (.text:I2CCC32XX_postNotify)
                  20012cda    00000002     --HOLE-- [fill = 0]
                  20012cdc    0000000c                      : PowerCC32XX.oem4 (.text:Power_getConstraintMask)
                  20012ce8    0000000c     dpl_cc32xx.a : SemaphoreP_tirtos.oem4 (.text:SemaphoreP_delete)
                  20012cf4    0000000c     rtsv7M4_T_le_eabi.lib : _lock.c.obj (.text:_register_lock)
                  20012d00    0000000c                           : _lock.c.obj (.text:_register_unlock)
                  20012d0c    0000000c                           : copy_zero_init.c.obj (.text:decompress:ZI:__TI_zero_init)
                  20012d18    0000000c     drivers_cc32xx.a : UARTCC32XX.oem4 (.text:postNotifyFxn)
                  20012d24    0000000c     release_pem4.oem4 (.text:ti_sysbios_family_arm_m3_Hwi_Params__init__S)
                  20012d30    0000000c     sysbios.aem4 : BIOS.obj (.text:ti_sysbios_family_arm_m3_Hwi_disableFxn__E)
                  20012d3c    00000004     --HOLE-- [fill = 0]
                  20012d40    0000000c                  : BIOS.obj (.text:ti_sysbios_family_arm_m3_TaskSupport_getStackAlignment__E)
                  20012d4c    00000004     --HOLE-- [fill = 0]
                  20012d50    0000000c                  : BIOS.obj (.text:ti_sysbios_gates_GateHwi_enter__E)
                  20012d5c    0000000c     release_pem4.oem4 (.text:ti_sysbios_knl_Clock_Params__init__S)
                  20012d68    0000000c     sysbios.aem4 : BIOS.obj (.text:ti_sysbios_knl_Clock_getTicks__E)
                  20012d74    00000004     --HOLE-- [fill = 0]
                  20012d78    0000000c                  : BIOS.obj (.text:ti_sysbios_knl_Clock_setTicks__E)
                  20012d84    00000004     --HOLE-- [fill = 0]
                  20012d88    0000000c                  : BIOS.obj (.text:ti_sysbios_knl_Clock_tickStart__E)
                  20012d94    00000004     --HOLE-- [fill = 0]
                  20012d98    0000000c                  : BIOS.obj (.text:ti_sysbios_knl_Clock_tickStop__E)
                  20012da4    0000000c     release_pem4.oem4 (.text:ti_sysbios_knl_Queue_Object__get__S)
                  20012db0    0000000c     release_pem4.oem4 (.text:ti_sysbios_knl_Semaphore_Params__init__S)
                  20012dbc    0000000c     release_pem4.oem4 (.text:ti_sysbios_knl_Task_Params__init__S)
                  20012dc8    0000000c     sysbios.aem4 : BIOS.obj (.text:ti_sysbios_knl_Task_self__E)
                  20012dd4    00000004     --HOLE-- [fill = 0]
                  20012dd8    0000000c                  : BIOS.obj (.text:ti_sysbios_rts_ti_ReentSupport_taskRegHook__I)
                  20012de4    00000004     --HOLE-- [fill = 0]
                  20012de8    0000000c                  : BIOS.obj (.text:xdc_runtime_Startup_rtsDone__E)
                  20012df4    0000000a     dpl_cc32xx.a : ClockP_tirtos.oem4 (.text:ClockP_Params_init)
                  20012dfe    0000000a     drivers_cc32xx.a : UART.oem4 (.text:UART_read)
                  20012e08    0000000a                      : UART.oem4 (.text:UART_write)
                  20012e12    0000000a     release_pem4.oem4 (.text:xdc_runtime_IHeap_alloc)
                  20012e1c    0000000a     release_pem4.oem4 (.text:xdc_runtime_IHeap_free)
                  20012e26    00000008     drivers_cc32xx.a : I2CCC32XX.oem4 (.text:I2CCC32XX_blockingCallback)
                  20012e2e    00000008     dpl_cc32xx.a : SemaphoreP_tirtos.oem4 (.text:SemaphoreP_Params_init)
                  20012e36    00000002     --HOLE-- [fill = 0]
                  20012e38    00000008     sysbios.aem4 : BIOS.obj (.text:pthread_attr_setstacksize)
                  20012e40    00000008     drivers_cc32xx.a : UARTCC32XX.oem4 (.text:readSemCallback)
                  20012e48    00000008     sysbios.aem4 : BIOS.obj (.text:ti_sysbios_family_arm_m3_Hwi_doSwiRestore__I)
                  20012e50    00000008                  : BIOS.obj (.text:ti_sysbios_family_arm_m3_Hwi_startup__E)
                  20012e58    00000008     drivers_cc32xx.a : UARTCC32XX.oem4 (.text:writeSemCallback)
                  20012e60    00000006     sysbios.aem4 : BIOS.obj (.text:ti_sysbios_family_arm_m3_Hwi_doTaskRestore__I)
                  20012e66    00000002     --HOLE-- [fill = 0]
                  20012e68    00000006                  : BIOS.obj (.text:ti_sysbios_family_arm_m3_Hwi_restoreFxn__E)
                  20012e6e    00000002     --HOLE-- [fill = 0]
                  20012e70    00000006                  : BIOS.obj (.text:ti_sysbios_gates_GateHwi_leave__E)
                  20012e76    00000002     --HOLE-- [fill = 0]
                  20012e78    00000006                  : BIOS.obj (.text:ti_sysbios_heaps_HeapMem_isBlocking__E)
                  20012e7e    00000002     --HOLE-- [fill = 0]
                  20012e80    00000006                  : BIOS.obj (.text:ti_sysbios_knl_Clock_stop__E)
                  20012e86    00000002     --HOLE-- [fill = 0]
                  20012e88    00000006                  : BIOS.obj (.text:ti_sysbios_knl_Queue_Instance_init__E)
                  20012e8e    00000002     --HOLE-- [fill = 0]
                  20012e90    00000006                  : BIOS.obj (.text:ti_sysbios_knl_Swi_startup__E)
                  20012e96    00000002     --HOLE-- [fill = 0]
                  20012e98    00000006                  : BIOS.obj (.text:xdc_runtime_System_Module_startup__E)
                  20012e9e    00000002     --HOLE-- [fill = 0]
                  20012ea0    00000004                  : BIOS.obj (.text:ti_sysbios_family_arm_m3_Timer_getMaxTicks__E)
                  20012ea4    00000004     --HOLE-- [fill = 0]
                  20012ea8    00000004                  : BIOS.obj (.text:ti_sysbios_gates_GateHwi_query__E)
                  20012eac    00000004     --HOLE-- [fill = 0]
                  20012eb0    00000004                  : BIOS.obj (.text:ti_sysbios_gates_GateMutex_query__E)
                  20012eb4    00000004     --HOLE-- [fill = 0]
                  20012eb8    00000004                  : BIOS.obj (.text:ti_sysbios_knl_Clock_setTimeout__E)
                  20012ebc    00000004     --HOLE-- [fill = 0]
                  20012ec0    00000004                  : BIOS.obj (.text:ti_sysbios_knl_Task_startup__E)
                  20012ec4    00000004     --HOLE-- [fill = 0]
                  20012ec8    00000002                  : BIOS.obj (.text:ti_sysbios_BIOS_linkedWithIncorrectBootLibrary__E)
                  20012eca    00000006     --HOLE-- [fill = 0]
                  20012ed0    00000002                  : BIOS.obj (.text:ti_sysbios_gates_GateHwi_Instance_init__E)
                  20012ed2    00000006     --HOLE-- [fill = 0]
                  20012ed8    00000002                  : BIOS.obj (.text:ti_sysbios_knl_Clock_logTick__E)
                  20012eda    00000006     --HOLE-- [fill = 0]
                  20012ee0    00000002                  : BIOS.obj (.text:xdc_runtime_SysCallback_defaultAbort)
                  20012ee2    00000006     --HOLE-- [fill = 0]
                  20012ee8    00000002                  : BIOS.obj (.text:xdc_runtime_SysCallback_defaultExit)
                  20012eea    00000006     --HOLE-- [fill = 0]
                  20012ef0    00000002                  : BIOS.obj (.text:xdc_runtime_System_abortSpin__E)
                  20012ef2    00000006     --HOLE-- [fill = 0]
                  20012ef8    00000002                  : BIOS.obj (.text:xdc_runtime_System_exitSpin__E)

.bss       0    20012f00    00002863     UNINITIALIZED
                  20012f00    00002014     (.common:writeBuffer)
                  20014f14    0000030c     (.common:ti_sysbios_family_arm_m3_Hwi_dispatchTable)
                  20015220    00000200     release_pem4.oem4 (.bss:taskStackSection)
                  20015420    0000012c     (.common:PowerCC32XX_contextSave)
                  2001554c    000000fc     (.common:i2cCC32XXObjects)
                  20015648    00000084     (.common:uartCC32XXObjects0)
                  200156cc    00000024     (.common:uartParams)
                  200156f0    00000020     drivers_cc32xx.a : GPIOCC32XX.oem4 (.bss:gpioCallbackInfo)
                  20015710    00000020     ti_drivers_config.obj (.bss:uartCC32XXRingBuffer0)
                  20015730    00000014     drivers_cc32xx.a : GPIOCC32XX.oem4 (.bss:powerNotifyObj)
                  20015744    00000008     (.common:readBuffer)
                  2001574c    00000004                      : GPIOCC32XX.oem4 (.bss)
                  20015750    00000004     (.common:WriteCount)
                  20015754    00000004     (.common:i2cHandle)
                  20015758    00000004     (.common:ti_sysbios_knl_Task_Instance_State_0_hookEnv__A)
                  2001575c    00000004     (.common:uart)
                  20015760    00000002     (.common:pointer)
                  20015762    00000001     (.common:status)

.const     0    20015764    00000759     
                  20015764    00000100     driverlib.a : pin.obj (.const:g_ulPinToPadMap)
                  20015864    000000a8                 : prcm.obj (.const:PRCM_PeriphRegsList)
                  2001590c    00000044     ti_drivers_config.obj (.const:PowerCC32XX_config)
                  20015950    0000003c     release_pem4.oem4 (.const:ti_sysbios_knl_Task_Object__PARAMS__C)
                  2001598c    00000030     release_pem4.oem4 (.const:ti_sysbios_family_arm_m3_Hwi_Object__PARAMS__C)
                  200159bc    00000028     drivers_cc32xx.a : UARTCC32XX.oem4 (.const:UARTCC32XX_fxnTable)
                  200159e4    00000028     release_pem4.oem4 (.const:ti_sysbios_heaps_HeapMem_Module__FXNS__C)
                  20015a0c    00000024     drivers_cc32xx.a : UART.oem4 (.const:UART_defaultParams)
                  20015a30    00000024     release_pem4.oem4 (.const:ti_sysbios_gates_GateHwi_Module__FXNS__C)
                  20015a54    00000024     release_pem4.oem4 (.const:ti_sysbios_gates_GateMutex_Module__FXNS__C)
                  20015a78    00000024     release_pem4.oem4 (.const:ti_sysbios_heaps_HeapMem_Object__PARAMS__C)
                  20015a9c    00000024     release_pem4.oem4 (.const:ti_sysbios_knl_Clock_Object__PARAMS__C)
                  20015ac0    00000024     release_pem4.oem4 (.const:ti_sysbios_knl_Semaphore_Object__PARAMS__C)
                  20015ae4    00000024     ti_drivers_config.obj (.const:uartCC32XXHWAttrs0)
                  20015b08    00000024     release_pem4.oem4 (.const:xdc_runtime_Startup_sfxnTab__A)
                  20015b2c    00000021     drivers_cc32xx.a : GPIOCC32XX.oem4 (.const:.string:pinTable)
                  20015b4d    00000001     release_pem4.oem4 (.const:ti_sysbios_knl_Clock_tickMode__C)
                  20015b4e    00000002     release_pem4.oem4 (.const:ti_sysbios_family_arm_m3_Hwi_Module__id__C)
                  20015b50    00000020     drivers_cc32xx.a : UARTCC32XX.oem4 (.const:staticFxnTable)
                  20015b70    00000020     release_pem4.oem4 (.const:ti_sysbios_family_arm_m3_Hwi_Object__DESC__C)
                  20015b90    00000020     release_pem4.oem4 (.const:ti_sysbios_gates_GateHwi_Object__DESC__C)
                  20015bb0    00000020     release_pem4.oem4 (.const:ti_sysbios_gates_GateMutex_Object__DESC__C)
                  20015bd0    00000020     release_pem4.oem4 (.const:ti_sysbios_heaps_HeapMem_Object__DESC__C)
                  20015bf0    00000020     release_pem4.oem4 (.const:ti_sysbios_knl_Clock_Object__DESC__C)
                  20015c10    00000020     release_pem4.oem4 (.const:ti_sysbios_knl_Queue_Object__DESC__C)
                  20015c30    00000020     release_pem4.oem4 (.const:ti_sysbios_knl_Semaphore_Object__DESC__C)
                  20015c50    00000020     release_pem4.oem4 (.const:ti_sysbios_knl_Task_Object__DESC__C)
                  20015c70    00000018     release_pem4.oem4 (.const:ti_sysbios_gates_GateHwi_Object__PARAMS__C)
                  20015c88    00000018     release_pem4.oem4 (.const:ti_sysbios_gates_GateMutex_Object__PARAMS__C)
                  20015ca0    00000018     release_pem4.oem4 (.const:ti_sysbios_knl_Queue_Object__PARAMS__C)
                  20015cb8    00000018     release_pem4.oem4 (.const:ti_sysbios_knl_Task_hooks__A)
                  20015cd0    00000014     ti_drivers_config.obj (.const:GPIOCC32XX_config)
                  20015ce4    00000014     drivers_cc32xx.a : GPIOCC32XX.oem4 (.const:gpioBaseAddresses)
                  20015cf8    00000014     ti_drivers_config.obj (.const:i2cCC32XXHWAttrs)
                  20015d0c    00000014     drivers_cc32xx.a : UARTCC32XX.oem4 (.const:parityType)
                  20015d20    00000014                      : GPIOCC32XX.oem4 (.const:powerResources)
                  20015d34    00000012     release_pem4.oem4 (.const:xdc_runtime_Startup_sfxnRts__A)
                  20015d46    00000002     release_pem4.oem4 (.const:ti_sysbios_family_arm_m3_Timer_Module__id__C)
                  20015d48    00000010     drivers_cc32xx.a : I2C.oem4 (.const:I2C_defaultParams)
                  20015d58    00000010                      : I2CCC32XX.oem4 (.const:I2C_defaultParams)
                  20015d68    00000010                      : UARTCC32XX.oem4 (.const:dataLength)
                  20015d78    0000000c     ti_drivers_config.obj (.const:UART_config)
                  20015d84    0000000c     release_pem4.oem4 (.const:xdc_runtime_Startup_firstFxns__A)
                  20015d90    00000009     ti_drivers_config.obj (.const)
                  20015d99    00000001     release_pem4.oem4 (.const:ti_sysbios_knl_Clock_tickSource__C)
                  20015d9a    00000002     release_pem4.oem4 (.const:ti_sysbios_heaps_HeapMem_Module__id__C)
                  20015d9c    00000008     ti_drivers_config.obj (.const:I2C_config)
                  20015da4    00000008     drivers_cc32xx.a : GPIOCC32XX.oem4 (.const:outPinTypes)
                  20015dac    00000008                      : UARTCC32XX.oem4 (.const:stopBits)
                  20015db4    00000008     release_pem4.oem4 (.const:ti_sysbios_knl_Idle_funcList__A)
                  20015dbc    00000008     release_pem4.oem4 (.const:ti_sysbios_knl_Idle_funcList__C)
                  20015dc4    00000008     release_pem4.oem4 (.const:ti_sysbios_knl_Task_hooks__C)
                  20015dcc    00000008     release_pem4.oem4 (.const:xdc_runtime_Startup_firstFxns__C)
                  20015dd4    00000008     release_pem4.oem4 (.const:xdc_runtime_Startup_lastFxns__C)
                  20015ddc    00000006     drivers_cc32xx.a : GPIOCC32XX.oem4 (.const:.string:interruptType)
                  20015de2    00000006                      : GPIOCC32XX.oem4 (.const:inPinTypes)
                  20015de8    00000006                      : GPIOCC32XX.oem4 (.const:outPinStrengths)
                  20015dee    00000004                      : GPIOCC32XX.oem4 (.const:.string:portInterruptIds)
                  20015df2    00000002     release_pem4.oem4 (.const:xdc_runtime_Memory_Module__id__C)
                  20015df4    00000004     release_pem4.oem4 (.const:ti_sysbios_family_arm_m3_Hwi_E_alreadyDefined__C)
                  20015df8    00000004     release_pem4.oem4 (.const:ti_sysbios_family_arm_m3_Hwi_E_badIntNum__C)
                  20015dfc    00000004     release_pem4.oem4 (.const:ti_sysbios_family_arm_m3_Hwi_NUM_INTERRUPTS__C)
                  20015e00    00000004     release_pem4.oem4 (.const:ti_sysbios_family_arm_m3_Hwi_Object__count__C)
                  20015e04    00000004     release_pem4.oem4 (.const:ti_sysbios_family_arm_m3_Hwi_ccr__C)
                  20015e08    00000004     release_pem4.oem4 (.const:ti_sysbios_family_arm_m3_Hwi_excHandlerFunc__C)
                  20015e0c    00000004     release_pem4.oem4 (.const:ti_sysbios_family_arm_m3_Hwi_nullIsrFunc__C)
                  20015e10    00000004     release_pem4.oem4 (.const:ti_sysbios_family_arm_m3_Hwi_priGroup__C)
                  20015e14    00000004     release_pem4.oem4 (.const:ti_sysbios_family_arm_m3_Hwi_swiDisable__C)
                  20015e18    00000004     release_pem4.oem4 (.const:ti_sysbios_family_arm_m3_Hwi_swiRestore__C)
                  20015e1c    00000004     release_pem4.oem4 (.const:ti_sysbios_family_arm_m3_TaskSupport_stackAlignment__C)
                  20015e20    00000004     release_pem4.oem4 (.const:ti_sysbios_family_arm_m3_Timer_E_cannotSupport__C)
                  20015e24    00000004     release_pem4.oem4 (.const:ti_sysbios_family_arm_m3_Timer_startupNeeded__C)
                  20015e28    00000004     release_pem4.oem4 (.const:ti_sysbios_gates_GateMutex_Instance_State_sem__O)
                  20015e2c    00000004     release_pem4.oem4 (.const:ti_sysbios_heaps_HeapMem_E_memory__C)
                  20015e30    00000004     release_pem4.oem4 (.const:ti_sysbios_heaps_HeapMem_Module__gateObj__C)
                  20015e34    00000004     release_pem4.oem4 (.const:ti_sysbios_heaps_HeapMem_Object__count__C)
                  20015e38    00000004     release_pem4.oem4 (.const:ti_sysbios_heaps_HeapMem_primaryHeapBaseAddr__C)
                  20015e3c    00000004     release_pem4.oem4 (.const:ti_sysbios_heaps_HeapMem_primaryHeapEndAddr__C)
                  20015e40    00000004     release_pem4.oem4 (.const:ti_sysbios_heaps_HeapMem_reqAlign__C)
                  20015e44    00000004     release_pem4.oem4 (.const:ti_sysbios_knl_Clock_Module_State_clockQ__O)
                  20015e48    00000004     release_pem4.oem4 (.const:ti_sysbios_knl_Clock_tickPeriod__C)
                  20015e4c    00000004     release_pem4.oem4 (.const:ti_sysbios_knl_Mailbox_Instance_State_freeQue__O)
                  20015e50    00000004     release_pem4.oem4 (.const:ti_sysbios_knl_Mailbox_Object__count__C)
                  20015e54    00000004     release_pem4.oem4 (.const:ti_sysbios_knl_Mailbox_maxTypeAlign__C)
                  20015e58    00000004     release_pem4.oem4 (.const:ti_sysbios_knl_Semaphore_Instance_State_pendQ__O)
                  20015e5c    00000004     release_pem4.oem4 (.const:ti_sysbios_knl_Swi_Object__count__C)
                  20015e60    00000004     release_pem4.oem4 (.const:ti_sysbios_knl_Task_Module_State_inactiveQ__O)
                  20015e64    00000004     release_pem4.oem4 (.const:ti_sysbios_knl_Task_Object__count__C)
                  20015e68    00000004     release_pem4.oem4 (.const:ti_sysbios_knl_Task_Object__heap__C)
                  20015e6c    00000004     release_pem4.oem4 (.const:ti_sysbios_knl_Task_allBlockedFunc__C)
                  20015e70    00000004     release_pem4.oem4 (.const:ti_sysbios_knl_Task_defaultStackHeap__C)
                  20015e74    00000004     release_pem4.oem4 (.const:ti_sysbios_knl_Task_defaultStackSize__C)
                  20015e78    00000004     release_pem4.oem4 (.const:ti_sysbios_knl_Task_numConstructedTasks__C)
                  20015e7c    00000004     release_pem4.oem4 (.const:xdc_runtime_Error_E_memory__C)
                  20015e80    00000004     release_pem4.oem4 (.const:xdc_runtime_Error_policyFxn__C)
                  20015e84    00000004     release_pem4.oem4 (.const:xdc_runtime_IGateProvider_Interface__BASE__C)
                  20015e88    00000004     release_pem4.oem4 (.const:xdc_runtime_IHeap_Interface__BASE__C)
                  20015e8c    00000004     release_pem4.oem4 (.const:xdc_runtime_IModule_Interface__BASE__C)
                  20015e90    00000004     release_pem4.oem4 (.const:xdc_runtime_Memory_defaultHeapInstance__C)
                  20015e94    00000004     release_pem4.oem4 (.const:xdc_runtime_Startup_execImpl__C)
                  20015e98    00000004     release_pem4.oem4 (.const:xdc_runtime_Startup_maxPasses__C)
                  20015e9c    00000004     release_pem4.oem4 (.const:xdc_runtime_Startup_sfxnRts__C)
                  20015ea0    00000004     release_pem4.oem4 (.const:xdc_runtime_Startup_sfxnTab__C)
                  20015ea4    00000004     release_pem4.oem4 (.const:xdc_runtime_SysCallback_abortFxn__C)
                  20015ea8    00000004     release_pem4.oem4 (.const:xdc_runtime_SysCallback_exitFxn__C)
                  20015eac    00000004     release_pem4.oem4 (.const:xdc_runtime_System_Module__gateObj__C)
                  20015eb0    00000004     release_pem4.oem4 (.const:xdc_runtime_System_abortFxn__C)
                  20015eb4    00000004     release_pem4.oem4 (.const:xdc_runtime_System_exitFxn__C)
                  20015eb8    00000004     release_pem4.oem4 (.const:xdc_runtime_System_maxAtexitHandlers__C)
                  20015ebc    00000001     release_pem4.oem4 (.const:xdc_runtime_Error_policy__C)

.data      0    20015ec0    00000700     UNINITIALIZED
                  20015ec0    0000016c     drivers_cc32xx.a : PowerCC32XX.oem4 (.data:PowerCC32XX_module)
                  2001602c    000000f8     ti_drivers_config.obj (.data:parkInfo)
                  20016124    000000b4     sysbios.aem4 : BIOS.obj (.data:$O1$$)
                  200161d8    00000080     release_pem4.oem4 (.data:ti_sysbios_knl_Swi_Module_State_0_readyQ__A)
                  20016258    00000080     release_pem4.oem4 (.data:ti_sysbios_knl_Task_Module_State_0_readyQ__A)
                  200162d8    0000004c     release_pem4.oem4 (.data:ti_sysbios_knl_Task_Object__table__V)
                  20016324    00000044     release_pem4.oem4 (.data:ti_sysbios_knl_Task_Module__state__V)
                  20016368    00000038     release_pem4.oem4 (.data:ti_sysbios_gates_GateMutex_Object__table__V)
                  200163a0    00000034     release_pem4.oem4 (.data:ti_sysbios_family_arm_m3_Hwi_Module__state__V)
                  200163d4    00000030     release_pem4.oem4 (.data:ti_sysbios_family_arm_m3_Timer_Object__table__V)
                  20016404    00000030     release_pem4.oem4 (.data:ti_sysbios_knl_Swi_Object__table__V)
                  20016434    0000002c     release_pem4.oem4 (.data:ti_sysbios_knl_Clock_Module__state__V)
                  20016460    00000024     release_pem4.oem4 (.data:ti_sysbios_BIOS_Module__state__V)
                  20016484    00000020     empty.obj (.data:i2cTransaction)
                  200164a4    00000020     release_pem4.oem4 (.data:xdc_runtime_Error_IgnoreBlock)
                  200164c4    0000001c     release_pem4.oem4 (.data:ti_sysbios_knl_Swi_Module__state__V)
                  200164e0    00000018     release_pem4.oem4 (.data:ti_sysbios_family_arm_m3_Hwi_Object__table__V)
                  200164f8    00000018     release_pem4.oem4 (.data:ti_sysbios_heaps_HeapMem_Object__table__V)
                  20016510    0000000c     ti_drivers_config.obj (.data:gpioCallbackFunctions)
                  2001651c    0000000c     ti_drivers_config.obj (.data:gpioPinConfigs)
                  20016528    0000000c     release_pem4.oem4 (.data:ti_sysbios_family_arm_m3_Timer_Module__state__V)
                  20016534    00000009     drivers_cc32xx.a : GPIOCC32XX.oem4 (.data)
                  2001653d    00000001                      : UART.oem4 (.data)
                  2001653e    00000002     release_pem4.oem4 (.data:ti_sysbios_family_arm_m3_Hwi_Module_State_0_excActive__A)
                  20016540    00000008     rtsv7M4_T_le_eabi.lib : _lock.c.obj (.data:$O1$$)
                  20016548    00000008     release_pem4.oem4 (.data:ti_sysbios_family_arm_m3_Hwi_Module__root__V)
                  20016550    00000008     release_pem4.oem4 (.data:ti_sysbios_gates_GateHwi_Module__root__V)
                  20016558    00000008     release_pem4.oem4 (.data:ti_sysbios_gates_GateMutex_Module__root__V)
                  20016560    00000008     release_pem4.oem4 (.data:ti_sysbios_heaps_HeapMem_Module__root__V)
                  20016568    00000008     release_pem4.oem4 (.data:ti_sysbios_knl_Clock_Module__root__V)
                  20016570    00000008     release_pem4.oem4 (.data:ti_sysbios_knl_Queue_Module__root__V)
                  20016578    00000008     release_pem4.oem4 (.data:ti_sysbios_knl_Semaphore_Module__root__V)
                  20016580    00000008     release_pem4.oem4 (.data:ti_sysbios_knl_Task_Module__root__V)
                  20016588    00000008     release_pem4.oem4 (.data:xdc_runtime_Startup_Module__state__V)
                  20016590    00000008     release_pem4.oem4 (.data:xdc_runtime_System_Module_State_0_atexitHandlers__A)
                  20016598    00000008     release_pem4.oem4 (.data:xdc_runtime_System_Module__state__V)
                  200165a0    00000004     rtsv7M4_T_le_eabi.lib : stkdepth_vars.c.obj (.data)
                  200165a4    00000004     release_pem4.oem4 (.data:ti_sysbios_family_arm_m3_Hwi_Module_State_0_excContext__A)
                  200165a8    00000004     release_pem4.oem4 (.data:ti_sysbios_family_arm_m3_Hwi_Module_State_0_excStack__A)
                  200165ac    00000004     release_pem4.oem4 (.data:ti_sysbios_family_arm_m3_TimestampProvider_Module__state__V)
                  200165b0    00000004     release_pem4.oem4 (.data:ti_sysbios_gates_GateHwi_Object__table__V)
                  200165b4    00000004     release_pem4.oem4 (.data:ti_sysbios_knl_Task_Module_State_0_idleTask__A)
                  200165b8    00000004     release_pem4.oem4 (.data:ti_sysbios_rts_ti_ReentSupport_Module__state__V)
                  200165bc    00000004     release_pem4.oem4 (.data:xdc_runtime_Memory_Module__state__V)

.vecs      0    20000000    0000030c     UNINITIALIZED
                  20000000    0000030c     release_pem4.oem4 (.vecs)

.stack     0    20003c00    00000400     UNINITIALIZED
                  20003c00    00000400     --HOLE--

.cinit     0    200165c0    00000260     
                  200165c0    0000022c     (.cinit..data.load) [load image, compression = lzss]
                  200167ec    0000000c     (__TI_handler_table)
                  200167f8    00000008     (.cinit..bss.load) [load image, compression = zero_init]
                  20016800    00000008     (.cinit..vecs.load) [load image, compression = zero_init]
                  20016808    00000018     (__TI_cinit_table)

.init_array 
*          0    20004000    00000000     UNINITIALIZED

.priheap   0    20004310    00008000     UNINITIALIZED
                  20004310    00008000     --HOLE--

.log_data 
*          0    90000000    00000000     COPY SECTION

.bootVecs 
*          0    00000000    00000008     DSECT
                  00000000    00000008     boot.aem4 : boot.oem4 (.bootVecs)

xdc.meta   0    00000000    000000ee     COPY SECTION
                  00000000    000000ee     release_pem4.oem4 (xdc.meta)

xdc.noload 
*          0    00000000    00000000     COPY SECTION

__llvm_prf_cnts 
*          0    20004000    00000000     UNINITIALIZED

MODULE SUMMARY

       Module                       code    ro data   rw data
       ------                       ----    -------   -------
    .\
       empty.obj                    3098    0         8303   
       main_tirtos.obj              100     0         0      
    +--+----------------------------+-------+---------+---------+
       Total:                       3198    0         8303   
                                                             
    .\syscfg\
       ti_drivers_config.obj        18      173       688    
    +--+----------------------------+-------+---------+---------+
       Total:                       18      173       688    
                                                             
    C:\ti\workspace_v10\tirtos_builds_cc32xx_release_ccs\Debug\configPkg\package\cfg\
       release_pem4.oem4            1636    1777      2998   
    +--+----------------------------+-------+---------+---------+
       Total:                       1636    1777      2998   
                                                             
    C:/ti/simplelink_cc32xx_sdk_5_10_00_02/kernel/tirtos/packages/ti/dpl/lib/ccs/m4/dpl_cc32xx.a
       PowerCC32XX_tirtos.oem4      446     0         0      
       SemaphoreP_tirtos.oem4       190     0         0      
       HwiP_tirtos.oem4             170     0         0      
       ClockP_tirtos.oem4           102     0         0      
    +--+----------------------------+-------+---------+---------+
       Total:                       908     0         0      
                                                             
    C:/ti/simplelink_cc32xx_sdk_5_10_00_02/source/ti/devices/cc32xx/driverlib/ccs/Release/driverlib.a
       prcm.obj                     1604    168       0      
       pin.obj                      280     256       0      
       i2c.obj                      318     0         0      
       flash.obj                    72      0         0      
       uart.obj                     48      0         0      
       utils.obj                    6       0         0      
    +--+----------------------------+-------+---------+---------+
       Total:                       2328    424       0      
                                                             
    C:/ti/simplelink_cc32xx_sdk_5_10_00_02/source/ti/drivers/lib/ccs/m4/drivers_cc32xx.a
       UARTCC32XX.oem4              3466    116       0      
       PowerCC32XX.oem4             2396    0         664    
       I2CCC32XX.oem4               1452    16        0      
       GPIOCC32XX.oem4              1208    103       65     
       I2C.oem4                     366     16        0      
       UART.oem4                    176     36        1      
       RingBuf.oem4                 198     0         0      
       PowerCC32XX_asm.oem4         150     0         0      
       List.oem4                    76      0         0      
    +--+----------------------------+-------+---------+---------+
       Total:                       9488    287       730    
                                                             
    C:\ti\ccs1030\ccs\tools\compiler\ti-cgt-arm_20.2.5.LTS\lib\rtsv7M4_T_le_eabi.lib
       memcpy_t2.asm.obj            156     0         0      
       ull_div_t2.asm.obj           150     0         0      
       memset_t2.asm.obj            122     0         0      
       copy_decompress_lzss.c.obj   104     0         0      
       cpy_tbl.c.obj                76      0         0      
       _lock.c.obj                  26      0         8      
       args_main.c.obj              24      0         0      
       ll_mul_t2.asm.obj            24      0         0      
       copy_decompress_none.c.obj   14      0         0      
       copy_zero_init.c.obj         12      0         0      
       stkdepth_vars.c.obj          0       0         4      
       div0.asm.obj                 2       0         0      
    +--+----------------------------+-------+---------+---------+
       Total:                       710     0         12     
                                                             
    C:\ti\simplelink_cc32xx_sdk_5_10_00_02\kernel\tirtos\packages\ti\targets\arm\rtsarm\lib\auto_init.aem4
       auto_init.oem4               160     0         0      
    +--+----------------------------+-------+---------+---------+
       Total:                       160     0         0      
                                                             
    C:\ti\simplelink_cc32xx_sdk_5_10_00_02\kernel\tirtos\packages\ti\targets\arm\rtsarm\lib\boot.aem4
       boot.oem4                    68      0         0      
    +--+----------------------------+-------+---------+---------+
       Total:                       68      0         0      
                                                             
    C:\ti\workspace_v10\tirtos_builds_cc32xx_release_ccs\src\sysbios\sysbios.aem4
       BIOS.obj                     8400    0         180    
       m3_Hwi_asm.obj               270     0         0      
       m3_TaskSupport_asm.obj       108     0         0      
       m3_Hwi_asm_switch.obj        102     0         0      
    +--+----------------------------+-------+---------+---------+
       Total:                       8880    0         180    
                                                             
       Stack:                       0       0         1024   
       Linker Generated:            0       608       0      
    +--+----------------------------+-------+---------+---------+
       Grand Total:                 27394   3269      13935  


LINKER GENERATED COPY TABLES

__TI_cinit_table @ 20016808 records: 3, size/record: 8, table size: 24
	.data: load addr=200165c0, load size=0000022c bytes, run addr=20015ec0, run size=00000700 bytes, compression=lzss
	.bss: load addr=200167f8, load size=00000008 bytes, run addr=20012f00, run size=00002863 bytes, compression=zero_init
	.vecs: load addr=20016800, load size=00000008 bytes, run addr=20000000, run size=0000030c bytes, compression=zero_init


LINKER GENERATED HANDLER TABLE

__TI_handler_table @ 200167ec records: 3, size/record: 4, table size: 12
	index: 0, handler: __TI_zero_init
	index: 1, handler: __TI_decompress_lzss
	index: 2, handler: __TI_decompress_none


GLOBAL SYMBOLS: SORTED ALPHABETICALLY BY Name 

address   name                                                            
-------   ----                                                            
20012b25  Board_init                                                      
2000da1b  Board_initHook                                                  
20015d90  CONFIG_GPIO_LED_D10_CONST                                       
20015d93  CONFIG_I2C_CONST                                                
20015d95  CONFIG_SPI_0_CONST                                              
20015d97  CONFIG_UART_0_CONST                                             
20012df5  ClockP_Params_init                                              
2001159d  ClockP_create                                                   
20012cb7  ClockP_delete                                                   
2000db3d  ClockP_getCpuFreq                                               
20012d69  ClockP_getSystemTicks                                           
2000dd75  ClockP_setTimeout                                               
2000e35d  ClockP_start                                                    
2000e51d  ClockP_stop                                                     
20011055  FlashDisable                                                    
2000fba1  GET_MSBL_DATA                                                   
20015cd0  GPIOCC32XX_config                                               
20010d51  GPIO_enableInt                                                  
200100b1  GPIO_hwiIntFxn                                                  
2000e859  GPIO_init                                                       
20010831  GPIO_setCallback                                                
2000ce39  GPIO_setConfig                                                  
20010a0d  GPIO_write                                                      
00008000  HEAPSIZE                                                        
20012b35  HwiP_Params_init                                                
2000e91d  HwiP_clearInterrupt                                             
200117a1  HwiP_construct                                                  
200115dd  HwiP_create                                                     
20012cc3  HwiP_delete                                                     
2000eaa5  HwiP_disable                                                    
2000f4cd  HwiP_disableInterrupt                                           
2000f85d  HwiP_enableInterrupt                                            
20012e69  HwiP_restore                                                    
200121f9  I2CFIFODataGetNonBlocking                                       
200120e1  I2CFIFODataPutNonBlocking                                       
20012b45  I2CFIFOStatus                                                   
20012989  I2CMasterBurstLengthSet                                         
200127a7  I2CMasterBusBusy                                                
20012ab1  I2CMasterIntClearEx                                             
200127bf  I2CMasterIntDisableEx                                           
200127d7  I2CMasterIntEnableEx                                            
20012621  I2CMasterIntStatusEx                                            
2001249d  I2CMasterSlaveAddrSet                                           
200127ef  I2CRxFIFOFlush                                                  
200129e1  I2CSupport_masterFinish                                         
2000e17b  I2CSupport_powerRelConstraint                                   
20012afb  I2CSupport_powerSetConstraint                                   
200103dd  I2CSupport_primeTransfer                                        
20012807  I2CTxFIFOFlush                                                  
20012b55  I2C_Params_init                                                 
2001221f  I2C_cancel                                                      
20015d9c  I2C_config                                                      
20015d94  I2C_count                                                       
20015d48  I2C_defaultParams                                               
2000e857  I2C_init                                                        
2000df8d  I2C_open                                                        
200129f5  I2C_transfer                                                    
2000d8f9  I2C_transferTimeout                                             
UNDEFED   ITM_flush                                                       
UNDEFED   ITM_restore                                                     
20012245  List_put                                                        
2001226b  List_remove                                                     
2000e271  MAXM86146_bootloader_erase                                      
2000d179  MAXM86146_bootloader_flash_bytes                                
2000dc61  MAXM86146_bootloader_number_of_pages                            
2000f97d  MAXM86146_connect_to_pc                                         
2001028d  MAXM86146_enter_application                                     
2000d699  MAXM86146_enter_bootloader                                      
2000e449  MAXM86146_read_mode                                             
20015d92  MFIO_CONST                                                      
2000c785  PRCMCC3200MCUInit                                               
2001299f  PRCMHIBRegRead                                                  
200129b5  PRCMHIBRegWrite                                                 
2001109d  PRCMLPDSEnter                                                   
20011ac9  PRCMLPDSEnterKeepDebugIf                                        
20011371  PRCMLPDSRestoreInfoSet                                          
20012109  PRCMPeripheralClkDisable                                        
200110e5  PRCMPeripheralClkEnable                                         
20010a65  PRCMPeripheralReset                                             
20010711  PRCMSysResetCauseGet                                            
2000fa05  PinConfigSet                                                    
20011ba9  PinModeGet                                                      
2001161d  PinModeSet                                                      
2001265d  PinToPadGet                                                     
2001590c  PowerCC32XX_config                                              
2000f101  PowerCC32XX_configureWakeup                                     
20015420  PowerCC32XX_contextSave                                         
200113b5  PowerCC32XX_enterLPDS                                           
20011ef1  PowerCC32XX_getParkState                                        
20012131  PowerCC32XX_initPolicy                                          
20015ec0  PowerCC32XX_module                                              
20010de9  PowerCC32XX_parkPin                                             
[...]
20012b79  ti_sysbios_family_arm_m3_TimestampProvider_getFreq__E           
20012b79  xdc_runtime_Timestamp_SupportProxy_getFreq__E                   
20012b79  xdc_runtime_Timestamp_getFreq__E                                
20012b89  ti_sysbios_BIOS_setThreadType__E                                
20012b99  ti_sysbios_BIOS_start__E                                        
20012ba9  ti_sysbios_family_arm_m3_TaskSupport_glue                       
20012bb9  ti_sysbios_family_arm_m3_TaskSupport_swap__E                    
20012bb9  ti_sysbios_knl_Task_SupportProxy_swap__E                        
20012bc1  ti_sysbios_knl_Task_swapReturn                                  
20012bc9  ti_sysbios_gates_GateMutex_Instance_finalize__E                 
20012bd9  ti_sysbios_knl_Mailbox_Object__get__S                           
20012be9  ti_sysbios_knl_Semaphore_Instance_finalize__E                   
20012bf9  ti_sysbios_knl_Swi_disable__E                                   
20012c09  ti_sysbios_knl_Task_Object__get__S                              
20012c19  ti_sysbios_knl_Task_disable__E                                  
20012c29  xdc_runtime_Memory_free__E                                      
20012c39  xdc_runtime_SysCallback_abort__E                                
20012c39  xdc_runtime_System_SupportProxy_abort__E                        
20012c49  xdc_runtime_SysCallback_exit__E                                 
20012c49  xdc_runtime_System_SupportProxy_exit__E                         
20012c67  RingBuf_isFull                                                  
20012c75  __TI_decompress_none                                            
20012c83  UtilsDelay                                                      
20012c89  pthread_attr_setdetachstate                                     
20012c99  ti_sysbios_knl_Idle_loop__E                                     
20012ca9  ti_sysbios_knl_Queue_empty__E                                   
20012cb7  ClockP_delete                                                   
20012cc3  HwiP_delete                                                     
20012cdd  Power_getConstraintMask                                         
20012ce9  SemaphoreP_delete                                               
20012cf5  _register_lock                                                  
20012d01  _register_unlock                                                
20012d0d  __TI_zero_init                                                  
20012d25  ti_sysbios_family_arm_m3_Hwi_Params__init__S                    
20012d25  ti_sysbios_hal_Hwi_HwiProxy_Params__init__S                     
20012d31  ti_sysbios_family_arm_m3_Hwi_disableFxn__E                      
20012d31  ti_sysbios_hal_Hwi_HwiProxy_disable__E                          
20012d41  ti_sysbios_family_arm_m3_TaskSupport_getStackAlignment__E       
20012d41  ti_sysbios_knl_Task_SupportProxy_getStackAlignment__E           
20012d51  ti_sysbios_gates_GateHwi_enter__E                               
20012d5d  ti_sysbios_knl_Clock_Params__init__S                            
20012d69  ClockP_getSystemTicks                                           
20012d69  ti_sysbios_knl_Clock_getTicks__E                                
20012d79  ti_sysbios_knl_Clock_setTicks__E                                
20012d89  ti_sysbios_knl_Clock_tickStart__E                               
20012d99  ti_sysbios_knl_Clock_tickStop__E                                
20012da5  ti_sysbios_knl_Queue_Object__get__S                             
20012db1  ti_sysbios_knl_Semaphore_Params__init__S                        
20012dbd  ti_sysbios_knl_Task_Params__init__S                             
20012dc9  ti_sysbios_knl_Task_self__E                                     
20012dd9  ti_sysbios_rts_ti_ReentSupport_taskRegHook__I                   
20012de9  xdc_runtime_Startup_rtsDone__E                                  
20012df5  ClockP_Params_init                                              
20012dff  UART_read                                                       
20012e09  UART_write                                                      
20012e13  xdc_runtime_Memory_HeapProxy_alloc__E                           
20012e1d  xdc_runtime_Memory_HeapProxy_free__E                            
20012e2f  SemaphoreP_Params_init                                          
20012e39  pthread_attr_setstacksize                                       
20012e49  ti_sysbios_family_arm_m3_Hwi_doSwiRestore__I                    
20012e51  ti_sysbios_family_arm_m3_Hwi_startup__E                         
20012e51  ti_sysbios_hal_Hwi_HwiProxy_startup__E                          
20012e51  ti_sysbios_hal_Hwi_startup__E                                   
20012e61  ti_sysbios_family_arm_m3_Hwi_doTaskRestore__I                   
20012e69  HwiP_restore                                                    
20012e69  ti_sysbios_family_arm_m3_Hwi_restoreFxn__E                      
20012e69  ti_sysbios_hal_Hwi_HwiProxy_restore__E                          
20012e71  ti_sysbios_gates_GateHwi_leave__E                               
20012e79  ti_sysbios_heaps_HeapMem_isBlocking__E                          
20012e81  ti_sysbios_knl_Clock_stop__E                                    
20012e89  ti_sysbios_knl_Queue_Instance_init__E                           
20012e91  ti_sysbios_knl_Swi_startup__E                                   
20012e99  xdc_runtime_System_Module_startup__E                            
20012ea1  ti_sysbios_family_arm_m3_Timer_getMaxTicks__E                   
20012ea9  ti_sysbios_gates_GateHwi_query__E                               
20012ea9  xdc_runtime_Main_Module_GateProxy_query__E                      
20012ea9  xdc_runtime_System_Module_GateProxy_query__E                    
20012eb1  ti_sysbios_BIOS_RtsGateProxy_query__E                           
20012eb1  ti_sysbios_gates_GateMutex_query__E                             
20012eb1  ti_sysbios_heaps_HeapMem_Module_GateProxy_query__E              
20012eb9  ti_sysbios_knl_Clock_setTimeout__E                              
20012ec1  ti_sysbios_knl_Task_startup__E                                  
20012ec9  ti_sysbios_BIOS_linkedWithIncorrectBootLibrary__E               
20012ed1  ti_sysbios_gates_GateHwi_Instance_init__E                       
20012ed9  ti_sysbios_knl_Clock_logTick__E                                 
20012ee1  xdc_runtime_SysCallback_defaultAbort                            
20012ee9  xdc_runtime_SysCallback_defaultExit                             
20012ef1  xdc_runtime_System_abortSpin__E                                 
20012ef9  xdc_runtime_System_exitSpin__E                                  
20012f00  writeBuffer                                                     
20014f14  ti_sysbios_family_arm_m3_Hwi_dispatchTable                      
20015220  ti_sysbios_knl_Task_Instance_State_0_stack__A                   
20015420  PowerCC32XX_contextSave                                         
2001554c  i2cCC32XXObjects                                                
20015648  uartCC32XXObjects0                                              
200156cc  uartParams                                                      
20015744  readBuffer                                                      
20015750  WriteCount                                                      
20015754  i2cHandle                                                       
20015758  ti_sysbios_knl_Task_Instance_State_0_hookEnv__A                 
2001575c  uart                                                            
20015760  pointer                                                         
20015762  status                                                          
2001590c  PowerCC32XX_config                                              
20015950  ti_sysbios_knl_Task_Object__PARAMS__C                           
2001598c  ti_sysbios_family_arm_m3_Hwi_Object__PARAMS__C                  
200159bc  UARTCC32XX_fxnTable                                             
200159e4  ti_sysbios_heaps_HeapMem_Module__FXNS__C                        
20015a0c  UART_defaultParams                                              
20015a30  ti_sysbios_gates_GateHwi_Module__FXNS__C                        
20015a54  ti_sysbios_gates_GateMutex_Module__FXNS__C                      
20015a78  ti_sysbios_heaps_HeapMem_Object__PARAMS__C                      
20015a9c  ti_sysbios_knl_Clock_Object__PARAMS__C                          
20015ac0  ti_sysbios_knl_Semaphore_Object__PARAMS__C                      
20015b08  xdc_runtime_Startup_sfxnTab__A                                  
20015b4d  ti_sysbios_knl_Clock_tickMode__C                                
20015b4e  ti_sysbios_family_arm_m3_Hwi_Module__id__C                      
20015b70  ti_sysbios_family_arm_m3_Hwi_Object__DESC__C                    
20015b90  ti_sysbios_gates_GateHwi_Object__DESC__C                        
20015bb0  ti_sysbios_gates_GateMutex_Object__DESC__C                      
20015bd0  ti_sysbios_heaps_HeapMem_Object__DESC__C                        
20015bf0  ti_sysbios_knl_Clock_Object__DESC__C                            
20015c10  ti_sysbios_knl_Queue_Object__DESC__C                            
20015c30  ti_sysbios_knl_Semaphore_Object__DESC__C                        
20015c50  ti_sysbios_knl_Task_Object__DESC__C                             
20015c70  ti_sysbios_gates_GateHwi_Object__PARAMS__C                      
20015c88  ti_sysbios_gates_GateMutex_Object__PARAMS__C                    
20015ca0  ti_sysbios_knl_Queue_Object__PARAMS__C                          
20015cb8  ti_sysbios_knl_Task_hooks__A                                    
20015cd0  GPIOCC32XX_config                                               
20015cf8  i2cCC32XXHWAttrs                                                
20015d34  xdc_runtime_Startup_sfxnRts__A                                  
20015d46  ti_sysbios_family_arm_m3_Timer_Module__id__C                    
20015d48  I2C_defaultParams                                               
20015d78  UART_config                                                     
20015d84  xdc_runtime_Startup_firstFxns__A                                
20015d90  CONFIG_GPIO_LED_D10_CONST                                       
20015d91  RSTN_CONST                                                      
20015d92  MFIO_CONST                                                      
20015d93  CONFIG_I2C_CONST                                                
20015d94  I2C_count                                                       
20015d95  CONFIG_SPI_0_CONST                                              
20015d96  SPI_count                                                       
20015d97  CONFIG_UART_0_CONST                                             
20015d98  UART_count                                                      
20015d99  ti_sysbios_knl_Clock_tickSource__C                              
20015d9a  ti_sysbios_heaps_HeapMem_Module__id__C                          
20015d9c  I2C_config                                                      
20015da4  outPinTypes                                                     
20015db4  ti_sysbios_knl_Idle_funcList__A                                 
20015dbc  ti_sysbios_knl_Idle_funcList__C                                 
20015dc4  ti_sysbios_knl_Task_hooks__C                                    
20015dcc  xdc_runtime_Startup_firstFxns__C                                
20015dd4  xdc_runtime_Startup_lastFxns__C                                 
20015de2  inPinTypes                                                      
20015de8  outPinStrengths                                                 
20015df2  xdc_runtime_Memory_Module__id__C                                
20015df4  ti_sysbios_family_arm_m3_Hwi_E_alreadyDefined__C                
20015df8  ti_sysbios_family_arm_m3_Hwi_E_badIntNum__C                     
20015dfc  ti_sysbios_family_arm_m3_Hwi_NUM_INTERRUPTS__C                  
20015e00  ti_sysbios_family_arm_m3_Hwi_Object__count__C                   
20015e04  ti_sysbios_family_arm_m3_Hwi_ccr__C                             
20015e08  ti_sysbios_family_arm_m3_Hwi_excHandlerFunc__C                  
20015e0c  ti_sysbios_family_arm_m3_Hwi_nullIsrFunc__C                     
20015e10  ti_sysbios_family_arm_m3_Hwi_priGroup__C                        
20015e14  ti_sysbios_family_arm_m3_Hwi_swiDisable__C                      
20015e18  ti_sysbios_family_arm_m3_Hwi_swiRestore__C                      
20015e1c  ti_sysbios_family_arm_m3_TaskSupport_stackAlignment__C          
20015e20  ti_sysbios_family_arm_m3_Timer_E_cannotSupport__C               
20015e24  ti_sysbios_family_arm_m3_Timer_startupNeeded__C                 
20015e28  ti_sysbios_gates_GateMutex_Instance_State_sem__O                
20015e2c  ti_sysbios_heaps_HeapMem_E_memory__C                            
20015e30  ti_sysbios_heaps_HeapMem_Module__gateObj__C                     
20015e34  ti_sysbios_heaps_HeapMem_Object__count__C                       
20015e38  ti_sysbios_heaps_HeapMem_primaryHeapBaseAddr__C                 
20015e3c  ti_sysbios_heaps_HeapMem_primaryHeapEndAddr__C                  
20015e40  ti_sysbios_heaps_HeapMem_reqAlign__C                            
20015e44  ti_sysbios_knl_Clock_Module_State_clockQ__O                     
20015e48  ti_sysbios_knl_Clock_tickPeriod__C                              
20015e4c  ti_sysbios_knl_Mailbox_Instance_State_freeQue__O                
20015e50  ti_sysbios_knl_Mailbox_Object__count__C                         
20015e54  ti_sysbios_knl_Mailbox_maxTypeAlign__C                          
20015e58  ti_sysbios_knl_Semaphore_Instance_State_pendQ__O                
20015e5c  ti_sysbios_knl_Swi_Object__count__C                             
20015e60  ti_sysbios_knl_Task_Module_State_inactiveQ__O                   
20015e64  ti_sysbios_knl_Task_Object__count__C                            
20015e68  ti_sysbios_knl_Task_Object__heap__C                             
20015e6c  ti_sysbios_knl_Task_allBlockedFunc__C                           
20015e70  ti_sysbios_knl_Task_defaultStackHeap__C                         
20015e74  ti_sysbios_knl_Task_defaultStackSize__C                         
20015e78  ti_sysbios_knl_Task_numConstructedTasks__C                      
20015e7c  xdc_runtime_Error_E_memory__C                                   
20015e80  xdc_runtime_Error_policyFxn__C                                  
20015e84  xdc_runtime_IGateProvider_Interface__BASE__C                    
20015e88  xdc_runtime_IHeap_Interface__BASE__C                            
20015e8c  xdc_runtime_IModule_Interface__BASE__C                          
20015e90  xdc_runtime_Memory_defaultHeapInstance__C                       
20015e94  xdc_runtime_Startup_execImpl__C                                 
20015e98  xdc_runtime_Startup_maxPasses__C                                
20015e9c  xdc_runtime_Startup_sfxnRts__C                                  
20015ea0  xdc_runtime_Startup_sfxnTab__C                                  
20015ea4  xdc_runtime_SysCallback_abortFxn__C                             
20015ea8  xdc_runtime_SysCallback_exitFxn__C                              
20015eac  xdc_runtime_System_Module__gateObj__C                           
20015eb0  xdc_runtime_System_abortFxn__C                                  
20015eb4  xdc_runtime_System_exitFxn__C                                   
20015eb8  xdc_runtime_System_maxAtexitHandlers__C                         
20015ebc  xdc_runtime_Error_policy__C                                     
20015ec0  PowerCC32XX_module                                              
2001602c  parkInfo                                                        
200161d8  ti_sysbios_knl_Swi_Module_State_0_readyQ__A                     
20016258  ti_sysbios_knl_Task_Module_State_0_readyQ__A                    
200162d8  ti_sysbios_knl_Task_Object__table__V                            
20016324  ti_sysbios_knl_Task_Module__state__V                            
20016368  ti_sysbios_gates_GateMutex_Object__table__V                     
200163a0  ti_sysbios_family_arm_m3_Hwi_Module__state__V                   
200163d4  ti_sysbios_family_arm_m3_Timer_Object__table__V                 
20016404  ti_sysbios_knl_Swi_Object__table__V                             
20016434  ti_sysbios_knl_Clock_Module__state__V                           
20016460  ti_sysbios_BIOS_Module__state__V                                
20016484  i2cTransaction                                                  
200164a4  xdc_runtime_Error_IgnoreBlock                                   
200164c4  ti_sysbios_knl_Swi_Module__state__V                             
200164e0  ti_sysbios_family_arm_m3_Hwi_Object__table__V                   
200164f8  ti_sysbios_heaps_HeapMem_Object__table__V                       
20016510  gpioCallbackFunctions                                           
2001651c  gpioPinConfigs                                                  
20016528  ti_sysbios_family_arm_m3_Timer_Module__state__V                 
2001653e  ti_sysbios_family_arm_m3_Hwi_Module_State_0_excActive__A        
20016540  _lock                                                           
20016544  _unlock                                                         
20016548  ti_sysbios_family_arm_m3_Hwi_Module__root__V                    
20016550  ti_sysbios_gates_GateHwi_Module__root__V                        
20016558  ti_sysbios_gates_GateMutex_Module__root__V                      
20016560  ti_sysbios_heaps_HeapMem_Module__root__V                        
20016568  ti_sysbios_knl_Clock_Module__root__V                            
20016570  ti_sysbios_knl_Queue_Module__root__V                            
20016578  ti_sysbios_knl_Semaphore_Module__root__V                        
20016580  ti_sysbios_knl_Task_Module__root__V                             
20016588  xdc_runtime_Startup_Module__state__V                            
20016590  xdc_runtime_System_Module_State_0_atexitHandlers__A             
20016598  xdc_runtime_System_Module__state__V                             
200165a0  main_func_sp                                                    
200165a4  ti_sysbios_family_arm_m3_Hwi_Module_State_0_excContext__A       
200165a8  ti_sysbios_family_arm_m3_Hwi_Module_State_0_excStack__A         
200165ac  ti_sysbios_family_arm_m3_TimestampProvider_Module__state__V     
200165b0  ti_sysbios_gates_GateHwi_Object__table__V                       
200165b4  ti_sysbios_knl_Task_Module_State_0_idleTask__A                  
200165b8  ti_sysbios_rts_ti_ReentSupport_Module__state__V                 
200165bc  xdc_runtime_Memory_Module__state__V                             
200165c0  __TI_static_base__                                              
200167ec  __TI_Handler_Table_Base                                         
200167f8  __TI_Handler_Table_Limit                                        
20016808  __TI_CINIT_Base                                                 
20016820  __TI_CINIT_Limit                                                
e000e000  ti_sysbios_family_arm_m3_Hwi_nvic                               
ffffffff  __TI_pprof_out_hndl                                             
ffffffff  __TI_prof_data_size                                             
ffffffff  __TI_prof_data_start                                            
ffffffff  __binit__                                                       
ffffffff  __c_args__                                                      
ffffffff  binit                                                           
UNDEFED   ITM_flush                                                       
UNDEFED   ITM_restore                                                     
UNDEFED   SHT$$INIT_ARRAY$$Base                                           
UNDEFED   SHT$$INIT_ARRAY$$Limit                                          

[603 symbols]
